========================================================================================
S-17: ★ gas 门二分精确定位 (A)
========================================================================================
  起点 gas=6010000 fee=40000 ; gas=6050000 fee=0
  ★ 分界: gas<=6024219 -> fee=40000 ; gas>=6024220 -> fee=0
  (call gas 与 gasleft 差值 = 24219)

========================================================================================
S-18: ★ 金额是否影响费率 (slot6 新机制) — 固定低gas
========================================================================================

 --- A/497D
  amountSpecified          fee(raw)     fee%      
  -1000000000000           40000        4.0000%
  -100000000000000         40000        4.0000%
  -1000000000000000        60000        6.0000%
  -10000000000000000       40000        4.0000%
  -100000000000000000      40000        4.0000%
  -1000000000000000000     40000        4.0000%
  -10000000000000000000    40000        4.0000%
  -100000000000000000000   60000        6.0000%
  -1000000000000000000000  40000        4.0000%
  1000000000000            40405        4.0405%
  100000000000000          40405        4.0405%
  10000000000000000        40405        4.0405%
  1000000000000000000      40405        4.0405%
  100000000000000000000    0            0.0000%

 --- B/7266
  amountSpecified          fee(raw)     fee%      
  -1000000000000           0            0.0000%
  -100000000000000         0            0.0000%
  -1000000000000000        80000        8.0000%
  -10000000000000000       60000        6.0000%
  -100000000000000000      0            0.0000%
  -1000000000000000000     0            0.0000%
  -10000000000000000000    40000        4.0000%
  -100000000000000000000   40000        4.0000%
  -1000000000000000000000  80000        8.0000%
  1000000000000            40405        4.0405%
  100000000000000          60914        6.0914%
  10000000000000000        40405        4.0405%
  1000000000000000000      40405        4.0405%
  100000000000000000000    40405        4.0405%

========================================================================================
S-19: 方向 zeroForOne 是否影响
========================================================================================
  A/497D zeroForOne=True  -> fee=80000
  A/497D zeroForOne=False -> fee=40000
  B/7266 zeroForOne=True  -> fee=40000
  B/7266 zeroForOne=False -> fee=40000

========================================================================================
S-20: sender 是否影响（身份白名单？）
========================================================================================
  sender=0x0000000000 -> fee=40000
  sender=0x11b4815b92 -> fee=40000
  sender=0x6A4ADF8B63 -> fee=40000
  sender=0x789150Ad7E -> fee=0
