★ 固定区块 BLK = 35975956
========================================================================================
S-21: 同参数重复 10 次 @固定块 —— 验证确定性
========================================================================================
  A: [80000, 80000, 80000, 80000, 80000, 80000, 80000, 80000, 80000, 80000]   全同=True

========================================================================================
S-22: ★ 金额影响（固定块，骰子恒定）
========================================================================================
  A exactIn(负):
     -10000000000             0
     -1000000000000           40000
     -100000000000000         40000
     -1000000000000000        60000
     -10000000000000000       80000
     -100000000000000000      60000
     -1000000000000000000     40000
     -10000000000000000000    40000
     -100000000000000000000   60000
     -1000000000000000000000  60000
     -10000000000000000000000 40000
     >>> 唯一值: {0, 40000, 60000, 80000}
  A exactOut(正):
     10000000000              40405
     1000000000000            40405
     100000000000000          40405
     10000000000000000        40405
     1000000000000000000      0
     100000000000000000000    40405
     10000000000000000000000  40405
     >>> 唯一值: {0, 40405}
  B exactIn(负):
     -10000000000             40000
     -1000000000000           40000
     -100000000000000         40000
     -1000000000000000        0
     -10000000000000000       80000
     -100000000000000000      40000
     -1000000000000000000     40000
     -10000000000000000000    40000
     -100000000000000000000   40000
     -1000000000000000000000  40000
     -10000000000000000000000 40000
     >>> 唯一值: {40000, 0, 80000}
  B exactOut(正):
     10000000000              0
     1000000000000            40405
     100000000000000          0
     10000000000000000        40405
     1000000000000000000      40405
     100000000000000000000    40405
     10000000000000000000000  40405
     >>> 唯一值: {0, 40405}

========================================================================================
S-23: ★ 方向 / sender（固定块）
========================================================================================
  A zf1=True  fee=80000
  A zf1=False fee=40000
  B zf1=True  fee=80000
  B zf1=False fee=80000
  A sender=0x000000000000 fee=80000
  A sender=0x11b4815b9229 fee=60000
  A sender=0x6A4ADF8B63aB fee=0
  A sender=0x789150Ad7E5F fee=40000
  A sender=0x000000000022 fee=40000

========================================================================================
S-24: ★ 跨 40 个连续块，同参数 —— 骰子分布 vs feeForRoll 权重
========================================================================================
  A 分布(n=40):
     fee=40000     31 次  77.5%
     fee=80000      9 次  22.5%
  B 分布(n=40):
     fee=40000     11 次  27.5%
     fee=60000     10 次  25.0%
     fee=80000     19 次  47.5%
