★ BLK = 35977460
========================================================================================
S-25: 120 个 sender 扫骰子分布 @固定块
========================================================================================
  A exactIn(-1e16) (n=120):
     fee=0          12   10.0%   (0.00%费率)
     fee=40000      82   68.3%   (4.00%费率)
     fee=60000      19   15.8%   (6.00%费率)
     fee=80000       7    5.8%   (8.00%费率)
  A exactOut(+1e16) (n=120):
     fee=0           8    6.7%   (0.00%费率)
     fee=40405      84   70.0%   (4.04%费率)
     fee=60914      18   15.0%   (6.09%费率)
     fee=81633      10    8.3%   (8.16%费率)
  B exactIn(-1e16) (n=120):
     fee=0          17   14.2%   (0.00%费率)
     fee=40000      75   62.5%   (4.00%费率)
     fee=60000      16   13.3%   (6.00%费率)
     fee=80000      12   10.0%   (8.00%费率)

========================================================================================
S-26: ★★ stateOverride slot6 —— 折扣因果实验 (A)
========================================================================================
  slot6=0x7d001    原值 0x7d001 (en=1,disc=2000)      -> 费率集合 [0, 40000, 60000, 80000]
  slot6=0x1        disc=0    -> 应=100%档位            -> 费率集合 [0, 50000, 75000, 100000]
  slot6=0x138801   disc=5000 -> 应=50%               -> 费率集合 [0, 25000, 37500, 50000]
  slot6=0x232801   disc=9000 -> 应=10%               -> 费率集合 [0, 5000, 7500, 10000]
  slot6=0x7d000    enabled=0 (关开关)                  -> 费率集合 [0, 50000, 75000, 100000]
  slot6=0x0        全 0                              -> 费率集合 [0, 50000, 75000, 100000]

========================================================================================
S-27: ★★ stateOverride slot3 —— gas 门因果实验 (A)
========================================================================================
  阈值=6000000      gas2M -> 80000      gas20M -> 0       
  阈值=3000000      gas2M -> 80000      gas20M -> 0       
  阈值=1000000      gas2M -> 0          gas20M -> 0       
  阈值=10000000     gas2M -> 80000      gas20M -> 0       
  阈值=0            gas2M -> 0          gas20M -> 0       

========================================================================================
S-28: ★★ stateOverride slot1 —— tier 费率因果实验 (A)
========================================================================================
  原 slot1 = 0x0000000186a00124f800c3500000000000000000000000000000000000000000
  tier=(50000,75000,100000) -> 实测[0, 40000, 60000, 80000]  预期(x0.8)[0, 40000, 60000, 80000]  ✓匹配
  tier=(10000,20000,30000) -> 实测[0, 8000, 16000, 24000]  预期(x0.8)[0, 8000, 16000, 24000]  ✓匹配
  tier=(1000,2000,3000) -> 实测[0, 800, 1600, 2400]  预期(x0.8)[0, 800, 1600, 2400]  ✓匹配
  tier=(200000,300000,400000) -> 实测[0, 160000, 240000, 320000]  预期(x0.8)[0, 160000, 240000, 320000]  ✓匹配
