BLK 35982514
  A slot0 = 0x6a4adf8b63abd6e9fed0d547bfe3419b3ce3d471  (606822750323515853546830343213146550432927306865)
  A slot1 = 0x186a00124f800c3500000000000000000000000000000000000000000  (41137615772024873168022726139096105389181052797477426000664985600000)
  A slot2 = 0x1f405dc1b58  (2147581959000)
  A slot3 = 0x5b8d80  (6000000)
  A slot4 = 0x0  (0)
  A slot5 = 0x0  (0)
  A slot6 = 0x7d001  (512001)
  A slot7 = 0x0  (0)

  B slot0 = 0x2d23513675e9029b4e08080fdf9cecd1e5bc6105  (257692185396159170255308337424414400663850344709)
  B slot1 = 0x186a00124f800c3500000000000000000000000000000000000000000  (41137615772024873168022726139096105389181052797477426000664985600000)
  B slot2 = 0x3e803e81770  (4295032838000)
  B slot3 = 0x5b8d80  (6000000)
  B slot4 = 0x0  (0)
  B slot5 = 0x0  (0)
  B slot6 = 0x7d001  (512001)
  B slot7 = 0x0  (0)

====================================================================================
S-29: feeForRoll 原始曲线（纯映射探针）
====================================================================================
  A: [(0, 50000), (7000, 75000), (8500, 100000), (9000, 0)]
  B: [(0, 50000), (6000, 75000), (7000, 100000), (8000, 0)]

====================================================================================
S-30: ★ 爆破 slot2 位布局 —— 逐 16bit 字段单独改，看曲线拐点怎么动
====================================================================================
  A 原 slot2 = 0x1f405dc1b58
  bit0   原值7000   -> 改成777 后曲线 [(0, 50000), (1000, 75000), (2500, 100000), (3000, 0)]
  bit16  原值1500   -> 改成777 后曲线 [(0, 50000), (7000, 75000), (8000, 100000), (8500, 0)]
  bit32  原值500    -> 改成777 后曲线 [(0, 50000), (7000, 75000), (8500, 100000), (9500, 0)]
