BLK 35983621
====================================================================================
S-31: ★ 逼出 r —— 二分 slot2.w1
====================================================================================
  sender ...001000  r = 9716
  sender ...002eef  r = 3648
  sender ...004dde  r = 3017
  sender ...006ccd  r = 1385
  sender ...008bbc  r = 3496
  sender ...00aaab  r = 4093
  sender ...00c99a  r = 3073
  sender ...00e889  r = 5878
  sender ...010778  r = 7559
  sender ...012667  r = 6335
  sender ...014556  r = 1922
  sender ...016445  r = 8756

====================================================================================
S-32: ★★ 过度识别 —— 用 r 预测另外两个边界
====================================================================================
  规则应为: r<w1 ->T1 ; r<w1+w2 ->T2 ; r<w1+w2+w3 ->T3 ; 否则免费
  ...001000 r=9716  ✓ ✓ ✓ ✓ ✓ ✓ ✓ ✓ ✓ ✓
  ...002eef r=3648  ✓ ✓ ✓ ✓ ✓ ✓ ✓ ✓ ✓ ✓
  ...004dde r=3017  ✓ ✓ ✓ ✓ ✓ ✓ ✓ ✓ ✓ ✓
  ...006ccd r=1385  ✓ ✓ ✓ ✓ ✓ ✓ ✓ ✓ ✓ ✓
  ...008bbc r=3496  ✓ ✓ ✓ ✓ ✓ ✓ ✓ ✓ ✓ ✓
  ...00aaab r=4093  ✓ ✓ ✓ ✓ ✓ ✓ ✓ ✓ ✓ ✓
  ...00c99a r=3073  ✓ ✓ ✓ ✓ ✓ ✓ ✓ ✓ ✓ ✓
  ...00e889 r=5878  ✓ ✓ ✓ ✓ ✓ ✓ ✓ ✓ ✓ ✓

  >>> 过度识别命中 80 / 80  = 100.0%
