BLK 35985183
====================================================================================
S-33: ★ 双路径交叉验证 —— 两种独立二分应得同一个 r
====================================================================================
  ...005000  route1=9526  route2=9526  ✓
  ...01e919  route1=4773  route2=4773  ✓
  ...038232  route1=6436  route2=6436  ✓
  ...051b4b  route1=6465  route2=6465  ✓
  ...06b464  route1=3078  route2=3078  ✓
  ...084d7d  route1=3730  route2=3730  ✓
  ...09e696  route1=7905  route2=7905  ✓
  ...0b7faf  route1=9211  route2=9211  ✓
  ...0d18c8  route1=878   route2=878   ✓
  ...0eb1e1  route1=8219  route2=8219  ✓
  >>> 一致 10/10

====================================================================================
S-34: ★★ r 的分布均匀性检验（哈希取模的指纹）
====================================================================================
  样本 n=80  min=203 max=9957 mean=5115.1 (理论均值4999.5)
  十桶计数: [6, 10, 10, 5, 7, 8, 8, 10, 10, 6]
  卡方=4.25  df=9  (临界值 16.92@p0.05, 21.67@p0.01)
  → 均匀，符合 keccak%%10000
  KS D=0.0564  临界=0.1521@p0.05 → 通过

====================================================================================
S-35: ★ r 是否随入参重掷（种子成分探测）
====================================================================================
  基准 sender=..beef amt=-1e16 zeroForOne=True  r=7485
  金额 -2e16         r=5713   ← 变了(进种子)
  金额 -1e16+1       r=2257   ← 变了(进种子)
  方向反转             r=112    ← 变了(进种子)
  区块 -1            r=7485   ← 没变
  区块 -2            r=3091   ← 变了(进种子)
  重复同参 3 次: [7485, 7485, 7485]
