================================================================================
S-10: 真 getter 值 (A vs B)
================================================================================
  tierOneFee             0x9a50c628   A=50000        B=50000       
  tierTwoFee             0x08ac6289   A=75000        B=75000       
  tierThreeFee           0x9d951b3b   A=100000       B=100000      
  defaultFee             0x5a6c72d0   A=0            B=0           
  BPS_DENOMINATOR        0xe1a45218   A=10000        B=10000       
  ?(=6e6, gas门?)         0x8fd0b484   A=6000000      B=6000000     

================================================================================
S-11: ★ feeForRoll(uint16) 全曲线 —— 骰子->费率映射
================================================================================
  --- A
     r=0 -> 50000 (5.00%)
     r>=7000   由 50000    变为 75000      (5.00% -> 7.50%)
     r>=8500   由 75000    变为 100000     (7.50% -> 10.00%)
     r>=9000   由 100000   变为 0          (10.00% -> 0.00%)
     >>> 概率分布:
         [    0, 7000)  p=70.00%   fee=50000    (5.00%)
         [ 7000, 8500)  p=15.00%   fee=75000    (7.50%)
         [ 8500, 9000)  p= 5.00%   fee=100000   (10.00%)
         [ 9000,10000)  p=10.00%   fee=0        (0.00%)
  --- B
     r=0 -> 50000 (5.00%)
     r>=6000   由 50000    变为 75000      (5.00% -> 7.50%)
     r>=7000   由 75000    变为 100000     (7.50% -> 10.00%)
     r>=8000   由 100000   变为 0          (10.00% -> 0.00%)
     >>> 概率分布:
         [    0, 6000)  p=60.00%   fee=50000    (5.00%)
         [ 6000, 7000)  p=10.00%   fee=75000    (7.50%)
         [ 7000, 8000)  p=10.00%   fee=100000   (10.00%)
         [ 8000,10000)  p=20.00%   fee=0        (0.00%)
