事件数 35
========================================================================================
S-12: hook 事件全解（topic + data）
========================================================================================

  topic 0057b6361703ede409c599e97120af5fce0abca86f2e32b887da47de5f0fac4c   count=35
    blk=35561090 0x7266BA24 topics=4
       t1 = a53aed8eb6f4c8a2c5d990c261868f45d2b2f10b13f1b14924ef5a6e614f2a28
       t2 = 00000000000000000000000011b4815b9229e3add786b414f5b18e9ec2d39678
       t3 = 0000000000000000000000000000000000000000000000000000000000000000
       d0 = 00000000000000000000000000000000000000000000000000000000000028b1  (10417)
       d1 = 0000000000000000000000000000000000000000000000000000050e2dd8ef64  (5558456872804)
    blk=35561096 0x7266BA24 topics=4
       t1 = a53aed8eb6f4c8a2c5d990c261868f45d2b2f10b13f1b14924ef5a6e614f2a28
       t2 = 00000000000000000000000011b4815b9229e3add786b414f5b18e9ec2d39678
       t3 = 0000000000000000000000000000000000000000000000000000000000000000
       d0 = 00000000000000000000000000000000000000000000000000000000000028b1  (10417)
       d1 = 00000000000000000000000000000000000000000000000000000517fb21801e  (5600555663390)
    blk=35561097 0x7266BA24 topics=4
       t1 = a53aed8eb6f4c8a2c5d990c261868f45d2b2f10b13f1b14924ef5a6e614f2a28
       t2 = 00000000000000000000000011b4815b9229e3add786b414f5b18e9ec2d39678
       t3 = 0000000000000000000000000000000000000000000000000000000000000000
       d0 = 00000000000000000000000000000000000000000000000000000000000028b1  (10417)
       d1 = 000000000000000000000000000000000000000000000000000004f9150ae16f  (5467846402415)
    blk=35561106 0x7266BA24 topics=4
       t1 = a53aed8eb6f4c8a2c5d990c261868f45d2b2f10b13f1b14924ef5a6e614f2a28
       t2 = 00000000000000000000000011b4815b9229e3add786b414f5b18e9ec2d39678
       t3 = 0000000000000000000000000000000000000000000000000000000000000000
       d0 = 00000000000000000000000000000000000000000000000000000000000028b1  (10417)
       d1 = 000000000000000000000000000000000000000000000000000004f67e4f74ea  (5456727602410)
    blk=35561474 0x7266BA24 topics=4
       t1 = a53aed8eb6f4c8a2c5d990c261868f45d2b2f10b13f1b14924ef5a6e614f2a28
       t2 = 00000000000000000000000011b4815b9229e3add786b414f5b18e9ec2d39678
       t3 = 0000000000000000000000000000000000000000000000000000000000000000
       d0 = 00000000000000000000000000000000000000000000000000000000000028b1  (10417)
       d1 = 000000000000000000000000000000000000000000000000000010c69375b923  (18445063534883)
    blk=35561476 0x7266BA24 topics=4
       t1 = a53aed8eb6f4c8a2c5d990c261868f45d2b2f10b13f1b14924ef5a6e614f2a28
       t2 = 00000000000000000000000011b4815b9229e3add786b414f5b18e9ec2d39678
       t3 = 0000000000000000000000000000000000000000000000000000000000000000
       d0 = 00000000000000000000000000000000000000000000000000000000000028b1  (10417)
       d1 = 0000000000000000000000000000000000000000000000000000051165902b81  (5572276530049)

========================================================================================
S-13: 两个池的元信息 (Initialize)
========================================================================================
 Initialize topic: 0xdd466e674ea557f56295e2d0218a125ea4b4f0f6f3307b95f85e6110838d6438
  Initialize 事件总数: 0
