beforeSwap selector: 0x575e24b4
========================================================================================
S-16: ★ gas 门受控实验
========================================================================================

 --- A/497D hook=0x497dfc4a2a7aa7b5479cb8191b495a7e405500c4
   gas=30000000    words=3   sel=575e24b4 fee=4194304   (419.4304%)
   gas=10000000    words=3   sel=575e24b4 fee=4194304   (419.4304%)
   gas=7000000     words=3   sel=575e24b4 fee=4194304   (419.4304%)
   gas=6100000     words=3   sel=575e24b4 fee=4194304   (419.4304%)
   gas=6050000     words=3   sel=575e24b4 fee=4194304   (419.4304%)
   gas=6010000     words=3   sel=575e24b4 fee=4234304   (423.4304%)
   gas=6000000     words=3   sel=575e24b4 fee=4234304   (423.4304%)
   gas=5900000     words=3   sel=575e24b4 fee=4234304   (423.4304%)
   gas=5000000     words=3   sel=575e24b4 fee=4234304   (423.4304%)
   gas=2000000     words=3   sel=575e24b4 fee=4234304   (423.4304%)
   gas=500000      words=3   sel=575e24b4 fee=4194304   (419.4304%)

 --- B/7266 hook=0x7266ba24c6da4a8e6ae931b61728625377ee00c4
   gas=30000000    words=3   sel=575e24b4 fee=4194304   (419.4304%)
   gas=10000000    words=3   sel=575e24b4 fee=4194304   (419.4304%)
   gas=7000000     words=3   sel=575e24b4 fee=4194304   (419.4304%)
   gas=6100000     words=3   sel=575e24b4 fee=4194304   (419.4304%)
   gas=6050000     words=3   sel=575e24b4 fee=4194304   (419.4304%)
   gas=6010000     words=3   sel=575e24b4 fee=4234304   (423.4304%)
   gas=6000000     words=3   sel=575e24b4 fee=4234304   (423.4304%)
   gas=5900000     words=3   sel=575e24b4 fee=4234304   (423.4304%)
   gas=5000000     words=3   sel=575e24b4 fee=4234304   (423.4304%)
   gas=2000000     words=3   sel=575e24b4 fee=4234304   (423.4304%)
   gas=500000      words=3   sel=575e24b4 fee=4234304   (423.4304%)
